Microchip MPLAB XC8 Compiler V2.40

Linker command line:

-W-3 \
  --edf=C:/Users/MARCO BRAVO/.mchp_packs/Microchip/PIC16F1xxxx_DFP/1.16.323/xc8\pic\dat\20221219211500_en.msgs \
  -cn -h+dist/default/production\interrupciones.X.production.sym \
  --cmf=dist/default/production\interrupciones.X.production.cmf -z \
  -Q16F18875 -oC:\Users\MARCOB~1\AppData\Local\Temp\xcAske8.4 \
  --defsym=__MPLAB_BUILD=1 --fixupoverflow=error \
  -Mdist/default/production/interrupciones.X.production.map \
  --md=C:\Users\MARCOB~1\AppData\Local\Temp\xcAske8.dat -E1 \
  -ver=XC8 Compiler --acfsm=1493 -ACODE=00h-07FFhx4 -ASTRCODE=00h-01FFFh \
  -ASTRING=00h-0FFhx32 -ACONST=00h-0FFhx32 -AENTRY=00h-0FFhx32 \
  -ACOMMON=070h-07Fh -ABANK0=020h-06Fh -ABANK1=0A0h-0EFh \
  -ABANK2=0120h-016Fh -ABANK3=01A0h-01EFh -ABANK4=0220h-026Fh \
  -ABANK5=02A0h-02EFh -ABANK6=0320h-036Fh -ABANK7=03A0h-03EFh \
  -ABANK8=0420h-046Fh -ABANK9=04A0h-04EFh -ABANK10=0520h-056Fh \
  -ABANK11=05A0h-05EFh -ABANK12=0620h-064Fh -ABIGRAM=02000h-023EFh \
  -ARAM=020h-06Fh,0A0h-0EFh,0120h-016Fh,01A0h-01EFh,0220h-026Fh,02A0h-02EFh,0320h-036Fh,03A0h-03EFh,0420h-046Fh,04A0h-04EFh,0520h-056Fh,05A0h-05EFh,0620h-064Fh \
  -AABS1=020h-07Fh,0A0h-0EFh,0120h-016Fh,01A0h-01EFh,0220h-026Fh,02A0h-02EFh,0320h-036Fh,03A0h-03EFh,0420h-046Fh,04A0h-04EFh,0520h-056Fh,05A0h-05EFh,0620h-064Fh \
  -ASFR0=00h-01Fh -ASFR1=080h-09Fh -ASFR2=0100h-011Fh -ASFR3=0180h-019Fh \
  -ASFR4=0200h-021Fh -ASFR5=0280h-029Fh -ASFR6=0300h-031Fh \
  -ASFR7=0380h-039Fh -ASFR8=0400h-041Fh -ASFR9=0480h-049Fh \
  -ASFR10=0500h-051Fh -ASFR11=0580h-059Fh -ASFR12=0600h-061Fh \
  -ASFR13=0680h-06EFh -ASFR14=0700h-076Fh -ASFR15=0780h-07EFh \
  -ASFR16=0800h-086Fh -ASFR17=0880h-08EFh -ASFR18=0900h-096Fh \
  -ASFR19=0980h-09EFh -ASFR20=0A00h-0A6Fh -ASFR21=0A80h-0AEFh \
  -ASFR22=0B00h-0B6Fh -ASFR23=0B80h-0BEFh -ASFR24=0C00h-0C6Fh \
  -ASFR25=0C80h-0CEFh -ASFR26=0D00h-0D6Fh -ASFR27=0D80h-0DEFh \
  -ASFR28=0E00h-0E6Fh -ASFR29=0E80h-0EEFh -ASFR30=0F00h-0F6Fh \
  -ASFR31=0F80h-0FEFh -ACONFIG=08007h-0800Bh -DCONFIG=2 \
  -AIDLOC=08000h-08003h -DIDLOC=2 -AEEDATA=00h-0FFh/0F000h \
  -peeprom_data=EEDATA -DEEDATA=2 -DCODE=2 -DSTRCODE=2 -DSTRING=2 -DCONST=2 \
  -DENTRY=2 -preset_vec=00h,intentry=04h,init,end_init -ppowerup=CODE \
  -pcinit=CODE -pfunctab=ENTRY -k \
  C:\Users\MARCOB~1\AppData\Local\Temp\xcAske8.o \
  dist/default/production\interrupciones.X.production.o 

Object code version is 3.11

Machine type is 16F18875



                Name                               Link     Load   Length Selector   Space Scale
C:\Users\MARCOB~1\AppData\Local\Temp\xcAske8.o
                end_init                             20       20        2        8       0
                reset_vec                             0        0        2        0       0
                config                             8007     8007        5        0       4
                idloc                              8000     8000        4        0       5
dist/default/production\interrupciones.X.production.o
                cinit                                22       22       13        8       0
                intentry                              4        4       1C        8       0
                config                             8007     8007        5        0       4
                idloc                              8000     8000        4        0       5
                text35                              7BF      7BF        6        8       0
                text34                              747      747        F        8       0
                text33                              76E      76E        9        8       0
                text32                              70B      70B       18        8       0
                text31                              723      723       14        8       0
                text29                              7B9      7B9        6        8       0
                text28                              7B3      7B3        6        8       0
                text27                              7AD      7AD        6        8       0
                text26                              67A      67A       22        8       0
                text25                              77F      77F        8        8       0
                text24                              7A7      7A7        6        8       0
                text23                              594      594       4C        8       0
                text22                              777      777        8        8       0
                text21                              7A1      7A1        6        8       0
                text20                              6F2      6F2       19        8       0
                text19                              737      737       10        8       0
                text18                              78E      78E        7        8       0
                text17                              787      787        7        8       0
                text16                              47F      47F       63        8       0
                text15                              4E2      4E2       5F        8       0
                text14                              541      541       53        8       0
                text13                              3F1      3F1       8E        8       0
                text12                              165      165      101        8       0
                text11                              266      266       EA        8       0
                text10                              6D8      6D8       1A        8       0
                text9                               764      764        A        8       0
                text8                               79B      79B        6        8       0
                text7                               5E0      5E0       41        8       0
                text6                               656      656       24        8       0
                text5                               621      621       35        8       0
                text4                                35       35      130        8       0
                text3                               350      350       A1        8       0
                text2                               6BC      6BC       1C        8       0
                text1                               756      756        E        8       0
                maintext                            69C      69C       20        8       0
                cstackBANK0                          20       20       48       20       1
                cstackCOMMON                         70       70        E       70       1
                clrtext                             795      795        6        8       0
                bssBANK1                             A0       A0       24       A0       1
                bssBANK0                             68       68        6       20       1
                stringtext1                         7C5      7C5        4      F8A       0
                nvBANK1                              C4       C4       12       A0       1
                nvBANK0                              6E       6E        2       20       1

TOTAL           Name                               Link     Load   Length     Space
        CLASS   CODE           
                end_init                             20       20        2         0
                cinit                                22       22       13         0
                intentry                              4        4       1C         0
                reset_vec                             0        0        2         0
                text35                              7BF      7BF        6         0
                text34                              747      747        F         0
                text33                              76E      76E        9         0
                text32                              70B      70B       18         0
                text31                              723      723       14         0
                text29                              7B9      7B9        6         0
                text28                              7B3      7B3        6         0
                text27                              7AD      7AD        6         0
                text26                              67A      67A       22         0
                text25                              77F      77F        8         0
                text24                              7A7      7A7        6         0
                text23                              594      594       4C         0
                text22                              777      777        8         0
                text21                              7A1      7A1        6         0
                text20                              6F2      6F2       19         0
                text19                              737      737       10         0
                text18                              78E      78E        7         0
                text17                              787      787        7         0
                text16                              47F      47F       63         0
                text15                              4E2      4E2       5F         0
                text14                              541      541       53         0
                text13                              3F1      3F1       8E         0
                text12                              165      165      101         0
                text11                              266      266       EA         0
                text10                              6D8      6D8       1A         0
                text9                               764      764        A         0
                text8                               79B      79B        6         0
                text7                               5E0      5E0       41         0
                text6                               656      656       24         0
                text5                               621      621       35         0
                text4                                35       35      130         0
                text3                               350      350       A1         0
                text2                               6BC      6BC       1C         0
                text1                               756      756        E         0
                maintext                            69C      69C       20         0
                clrtext                             795      795        6         0

        CLASS   STRCODE        
                stringtext1                         7C5      7C5        4         0

        CLASS   STRING         

        CLASS   CONST          

        CLASS   ENTRY          

        CLASS   COMMON         
                cstackCOMMON                         70       70        E         1

        CLASS   BANK0          
                cstackBANK0                          20       20       48         1
                bssBANK0                             68       68        6         1
                nvBANK0                              6E       6E        2         1

        CLASS   BANK1          
                bssBANK1                             A0       A0       24         1
                nvBANK1                              C4       C4       12         1

        CLASS   BANK2          

        CLASS   BANK3          

        CLASS   BANK4          

        CLASS   BANK5          

        CLASS   BANK6          

        CLASS   BANK7          

        CLASS   BANK8          

        CLASS   BANK9          

        CLASS   BANK10         

        CLASS   BANK11         

        CLASS   BANK12         

        CLASS   BIGRAM         

        CLASS   RAM            

        CLASS   ABS1           
                abs_s1                               7E       7E        2         1

        CLASS   SFR0           

        CLASS   SFR1           

        CLASS   SFR2           

        CLASS   SFR3           

        CLASS   SFR4           

        CLASS   SFR5           

        CLASS   SFR6           

        CLASS   SFR7           

        CLASS   SFR8           

        CLASS   SFR9           

        CLASS   SFR10          

        CLASS   SFR11          

        CLASS   SFR12          

        CLASS   SFR13          

        CLASS   SFR14          

        CLASS   SFR15          

        CLASS   SFR16          

        CLASS   SFR17          

        CLASS   SFR18          

        CLASS   SFR19          

        CLASS   SFR20          

        CLASS   SFR21          

        CLASS   SFR22          

        CLASS   SFR23          

        CLASS   SFR24          

        CLASS   SFR25          

        CLASS   SFR26          

        CLASS   SFR27          

        CLASS   SFR28          

        CLASS   SFR29          

        CLASS   SFR30          

        CLASS   SFR31          

        CLASS   CONFIG         
                config                             8007     8007        5         4

        CLASS   IDLOC          
                idloc                              8000     8000        4         5

        CLASS   EEDATA         

        CLASS   BANK31         

        CLASS   BANK30         

        CLASS   BANK29         

        CLASS   BANK28         

        CLASS   BANK27         

        CLASS   BANK26         

        CLASS   BANK25         

        CLASS   BANK24         

        CLASS   BANK23         

        CLASS   BANK22         

        CLASS   BANK21         

        CLASS   BANK20         

        CLASS   BANK19         

        CLASS   BANK18         

        CLASS   BANK17         

        CLASS   BANK16         

        CLASS   BANK15         

        CLASS   BANK14         

        CLASS   BANK13         

        CLASS   HEAP           

        CLASS   STACK          



SEGMENTS        Name                           Load    Length   Top    Selector   Space  Class     Delta

                reset_vec                      000000  000002  000002         0       0  CODE        2
                intentry                       000004  0007C1  0007C5         8       0  CODE        2
                cstackBANK0                    000020  000050  000070        20       1  BANK0       1
                cstackCOMMON                   000070  00000E  00007E        70       1  COMMON      1
                bssBANK1                       0000A0  000036  0000D6        A0       1  BANK1       1
                stringtext1                    0007C5  000004  0007C9       F8A       0  STRCODE     2


UNUSED ADDRESS RANGES

        Name                Unused          Largest block    Delta
        BANK1            000D6-000EF              1A           1
        BANK10           00520-0056F              50           1
        BANK11           005A0-005EF              50           1
        BANK12           00620-0064F              30           1
        BANK2            00120-0016F              50           1
        BANK3            001A0-001EF              50           1
        BANK4            00220-0026F              50           1
        BANK5            002A0-002EF              50           1
        BANK6            00320-0036F              50           1
        BANK7            003A0-003EF              50           1
        BANK8            00420-0046F              50           1
        BANK9            004A0-004EF              50           1
        BIGRAM           02000-023EF             3F0           1
        CODE             00002-00003               2           2
                         007C9-01FFF             800
        CONST            00002-00003               2           2
                         007C9-01FFF             100
        EEDATA           0F000-0F0FF             100           2
        ENTRY            00002-00003               2           2
                         007C9-01FFF             100
        RAM              000D6-000EF              1A           1
                         00120-0016F              50
                         001A0-001EF              50
                         00220-0026F              50
                         002A0-002EF              50
                         00320-0036F              50
                         003A0-003EF              50
                         00420-0046F              50
                         004A0-004EF              50
                         00520-0056F              50
                         005A0-005EF              50
                         00620-0064F              30
        SFR0             00000-0001F              20           1
        SFR1             00080-0009F              20           1
        SFR10            00500-0051F              20           1
        SFR11            00580-0059F              20           1
        SFR12            00600-0061F              20           1
        SFR13            00680-006EF              70           1
        SFR14            00700-0076F              70           1
        SFR15            00780-007EF              70           1
        SFR16            00800-0086F              70           1
        SFR17            00880-008EF              70           1
        SFR18            00900-0096F              70           1
        SFR19            00980-009EF              70           1
        SFR2             00100-0011F              20           1
        SFR20            00A00-00A6F              70           1
        SFR21            00A80-00AEF              70           1
        SFR22            00B00-00B6F              70           1
        SFR23            00B80-00BEF              70           1
        SFR24            00C00-00C6F              70           1
        SFR25            00C80-00CEF              70           1
        SFR26            00D00-00D6F              70           1
        SFR27            00D80-00DEF              70           1
        SFR28            00E00-00E6F              70           1
        SFR29            00E80-00EEF              70           1
        SFR3             00180-0019F              20           1
        SFR30            00F00-00F6F              70           1
        SFR31            00F80-00FEF              70           1
        SFR4             00200-0021F              20           1
        SFR5             00280-0029F              20           1
        SFR6             00300-0031F              20           1
        SFR7             00380-0039F              20           1
        SFR8             00400-0041F              20           1
        SFR9             00480-0049F              20           1
        STRCODE          00002-00003               2           2
                         007C9-01FFF            1837
        STRING           00002-00003               2           2
                         007C9-01FFF             100

                                  Symbol Table

?___aodiv                                      cstackBANK0  00020
?___aomod                                      cstackBANK0  00020
?___awdiv                                      cstackCOMMON 00070
?___awmod                                      cstackCOMMON 00070
?_abs                                          cstackCOMMON 00073
?_printf                                       cstackBANK0  00063
?_vfprintf                                     cstackBANK0  0005C
Clear_Port@value                               cstackCOMMON 00071
Decode_Display_AC@value                        cstackCOMMON 00074
EUSART_SetErrorHandler@interruptHandler        cstackCOMMON 00070
EUSART_SetFramingErrorHandler@interruptHandler cstackCOMMON 00070
EUSART_SetOverrunErrorHandler@interruptHandler cstackCOMMON 00070
EUSART_Write@txData                            cstackCOMMON 00070
IOCBF4_SetInterruptHandler@InterruptHandler    cstackCOMMON 00070
Set_Port@value                                 cstackCOMMON 00071
Show_Digits_Display@value                      cstackCOMMON 00079
TMR0_SetInterruptHandler@InterruptHandler      cstackCOMMON 00070
_ANSELA                                        (abs)        00F38
_ANSELB                                        (abs)        00F43
_ANSELC                                        (abs)        00F4E
_ANSELD                                        (abs)        00F59
_ANSELE                                        (abs)        00F64
_BAUD1CON                                      (abs)        0011F
_Clear_Port                                    text18       0078E
_Decode_Display_AC                             text16       0047F
_EUSART_DefaultErrorHandler                    (abs)        00000
_EUSART_DefaultFramingErrorHandler             (abs)        00000
_EUSART_DefaultOverrunErrorHandler             (abs)        00000
_EUSART_ErrorHandler                           nvBANK1      000C4
_EUSART_FramingErrorHandler                    nvBANK1      000C8
_EUSART_Initialize                             text26       0067A
_EUSART_OverrunErrorHandler                    nvBANK1      000C6
_EUSART_SetErrorHandler                        text29       007B9
_EUSART_SetFramingErrorHandler                 text28       007B3
_EUSART_SetOverrunErrorHandler                 text27       007AD
_EUSART_Write                                  text9        00764
_Hundred                                       nvBANK1      000CE
_INLVLA                                        (abs)        00F3C
_INLVLB                                        (abs)        00F47
_INLVLC                                        (abs)        00F52
_INLVLD                                        (abs)        00F5D
_INLVLE                                        (abs)        00F68
_INTCONbits                                    (abs)        0000B
_INTERRUPT_InterruptManager                    intentry     00004
_IOCBF4_DefaultInterruptHandler                text35       007BF
_IOCBF4_ISR                                    text34       00747
_IOCBF4_InterruptHandler                       nvBANK1      000D4
_IOCBF4_SetInterruptHandler                    text24       007A7
_IOCBFbits                                     (abs)        00F4A
_IOCBNbits                                     (abs)        00F49
_IOCBPbits                                     (abs)        00F48
_LATA                                          (abs)        00016
_LATAbits                                      (abs)        00016
_LATB                                          (abs)        00017
_LATC                                          (abs)        00018
_LATD                                          (abs)        00019
_LATE                                          (abs)        0001A
_ODCONA                                        (abs)        00F3A
_ODCONB                                        (abs)        00F45
_ODCONC                                        (abs)        00F50
_ODCOND                                        (abs)        00F5B
_ODCONE                                        (abs)        00F66
_OSCCON1                                       (abs)        0088D
_OSCCON3                                       (abs)        0088F
_OSCEN                                         (abs)        00891
_OSCFRQ                                        (abs)        00893
_OSCILLATOR_Initialize                         text25       0077F
_OSCTUNE                                       (abs)        00892
_PIE0bits                                      (abs)        00716
_PIN_MANAGER_IOC                               text33       0076E
_PIN_MANAGER_Initialize                        text23       00594
_PIR0bits                                      (abs)        0070C
_PIR3bits                                      (abs)        0070F
_PMD0                                          (abs)        00796
_PMD1                                          (abs)        00797
_PMD2                                          (abs)        00798
_PMD3                                          (abs)        00799
_PMD4                                          (abs)        0079A
_PMD5                                          (abs)        0079B
_PMD_Initialize                                text22       00777
_RC1REG                                        (abs)        00119
_RC1STA                                        (abs)        0011D
_RC1STAbits                                    (abs)        0011D
_RC6PPS                                        (abs)        00F26
_RXPPS                                         (abs)        00ECB
_SLRCONA                                       (abs)        00F3B
_SLRCONB                                       (abs)        00F46
_SLRCONC                                       (abs)        00F51
_SLRCOND                                       (abs)        00F5C
_SLRCONE                                       (abs)        00F67
_SP1BRGH                                       (abs)        0011C
_SP1BRGL                                       (abs)        0011B
_SYSTEM_Initialize                             text19       00737
_Set_Port                                      text17       00787
_Show_Digits_Display                           text13       003F1
_T0CON0                                        (abs)        0001E
_T0CON0bits                                    (abs)        0001E
_T0CON1                                        (abs)        0001F
_TMR0H                                         (abs)        0001D
_TMR0L                                         (abs)        0001C
_TMR0_DefaultInterruptHandler                  text32       0070B
_TMR0_ISR                                      text31       00723
_TMR0_Initialize                               text20       006F2
_TMR0_InterruptHandler                         nvBANK1      000CA
_TMR0_SetInterruptHandler                      text21       007A1
_TRISA                                         (abs)        00011
_TRISB                                         (abs)        00012
_TRISC                                         (abs)        00013
_TRISD                                         (abs)        00014
_TRISE                                         (abs)        00015
_TX1REG                                        (abs)        0011A
_TX1STA                                        (abs)        0011E
_TX1STAbits                                    (abs)        0011E
_Tens                                          nvBANK1      000D0
_Thousands                                     nvBANK1      000CC
_Units                                         nvBANK1      000D2
_WPUA                                          (abs)        00F39
_WPUB                                          (abs)        00F44
_WPUC                                          (abs)        00F4F
_WPUD                                          (abs)        00F5A
_WPUE                                          (abs)        00F65
__Habs1                                        abs1         00000
__Hbank0                                       bank0        00000
__Hbank1                                       bank1        00000
__Hbank10                                      bank10       00000
__Hbank11                                      bank11       00000
__Hbank12                                      bank12       00000
__Hbank13                                      bank13       00000
__Hbank14                                      bank14       00000
__Hbank15                                      bank15       00000
__Hbank16                                      bank16       00000
__Hbank17                                      bank17       00000
__Hbank18                                      bank18       00000
__Hbank19                                      bank19       00000
__Hbank2                                       bank2        00000
__Hbank20                                      bank20       00000
__Hbank21                                      bank21       00000
__Hbank22                                      bank22       00000
__Hbank23                                      bank23       00000
__Hbank24                                      bank24       00000
__Hbank25                                      bank25       00000
__Hbank26                                      bank26       00000
__Hbank27                                      bank27       00000
__Hbank28                                      bank28       00000
__Hbank29                                      bank29       00000
__Hbank3                                       bank3        00000
__Hbank30                                      bank30       00000
__Hbank31                                      bank31       00000
__Hbank4                                       bank4        00000
__Hbank5                                       bank5        00000
__Hbank6                                       bank6        00000
__Hbank7                                       bank7        00000
__Hbank8                                       bank8        00000
__Hbank9                                       bank9        00000
__Hbigram                                      bigram       00000
__HbssBANK0                                    bssBANK0     00000
__HbssBANK1                                    bssBANK1     00000
__Hcinit                                       cinit        00035
__Hclrtext                                     clrtext      00000
__Hcode                                        code         00000
__Hcommon                                      common       00000
__Hconfig                                      config       0800C
__HcstackBANK0                                 cstackBANK0  00000
__HcstackCOMMON                                cstackCOMMON 00000
__Heeprom_data                                 eeprom_data  00000
__Hend_init                                    end_init     00022
__Hfunctab                                     functab      00000
__Hheap                                        heap         00000
__Hidloc                                       idloc        08004
__Hinit                                        init         00020
__Hintentry                                    intentry     00020
__Hmaintext                                    maintext     00000
__HnvBANK0                                     nvBANK0      00000
__HnvBANK1                                     nvBANK1      00000
__Hpowerup                                     powerup      00000
__Hram                                         ram          00000
__Hreset_vec                                   reset_vec    00002
__Hsfr0                                        sfr0         00000
__Hsfr1                                        sfr1         00000
__Hsfr10                                       sfr10        00000
__Hsfr11                                       sfr11        00000
__Hsfr12                                       sfr12        00000
__Hsfr13                                       sfr13        00000
__Hsfr14                                       sfr14        00000
__Hsfr15                                       sfr15        00000
__Hsfr16                                       sfr16        00000
__Hsfr17                                       sfr17        00000
__Hsfr18                                       sfr18        00000
__Hsfr19                                       sfr19        00000
__Hsfr2                                        sfr2         00000
__Hsfr20                                       sfr20        00000
__Hsfr21                                       sfr21        00000
__Hsfr22                                       sfr22        00000
__Hsfr23                                       sfr23        00000
__Hsfr24                                       sfr24        00000
__Hsfr25                                       sfr25        00000
__Hsfr26                                       sfr26        00000
__Hsfr27                                       sfr27        00000
__Hsfr28                                       sfr28        00000
__Hsfr29                                       sfr29        00000
__Hsfr3                                        sfr3         00000
__Hsfr30                                       sfr30        00000
__Hsfr31                                       sfr31        00000
__Hsfr4                                        sfr4         00000
__Hsfr5                                        sfr5         00000
__Hsfr6                                        sfr6         00000
__Hsfr7                                        sfr7         00000
__Hsfr8                                        sfr8         00000
__Hsfr9                                        sfr9         00000
__Hspace_0                                     (abs)        007C9
__Hspace_1                                     (abs)        000D6
__Hspace_2                                     (abs)        00000
__Hspace_3                                     (abs)        00000
__Hspace_4                                     (abs)        10013
__Hstack                                       stack        00000
__Hstrings                                     strings      00000
__Hstringtext1                                 stringtext1  00000
__Hstringtext2                                 stringtext2  00000
__Htext                                        text         00000
__Labs1                                        abs1         00000
__Lbank0                                       bank0        00000
__Lbank1                                       bank1        00000
__Lbank10                                      bank10       00000
__Lbank11                                      bank11       00000
__Lbank12                                      bank12       00000
__Lbank13                                      bank13       00000
__Lbank14                                      bank14       00000
__Lbank15                                      bank15       00000
__Lbank16                                      bank16       00000
__Lbank17                                      bank17       00000
__Lbank18                                      bank18       00000
__Lbank19                                      bank19       00000
__Lbank2                                       bank2        00000
__Lbank20                                      bank20       00000
__Lbank21                                      bank21       00000
__Lbank22                                      bank22       00000
__Lbank23                                      bank23       00000
__Lbank24                                      bank24       00000
__Lbank25                                      bank25       00000
__Lbank26                                      bank26       00000
__Lbank27                                      bank27       00000
__Lbank28                                      bank28       00000
__Lbank29                                      bank29       00000
__Lbank3                                       bank3        00000
__Lbank30                                      bank30       00000
__Lbank31                                      bank31       00000
__Lbank4                                       bank4        00000
__Lbank5                                       bank5        00000
__Lbank6                                       bank6        00000
__Lbank7                                       bank7        00000
__Lbank8                                       bank8        00000
__Lbank9                                       bank9        00000
__Lbigram                                      bigram       00000
__LbssBANK0                                    bssBANK0     00000
__LbssBANK1                                    bssBANK1     00000
__Lcinit                                       cinit        00022
__Lclrtext                                     clrtext      00000
__Lcode                                        code         00000
__Lcommon                                      common       00000
__Lconfig                                      config       00000
__LcstackBANK0                                 cstackBANK0  00000
__LcstackCOMMON                                cstackCOMMON 00000
__Leeprom_data                                 eeprom_data  00000
__Lend_init                                    end_init     00020
__Lfunctab                                     functab      00000
__Lheap                                        heap         00000
__Lidloc                                       idloc        00000
__Linit                                        init         00020
__Lintentry                                    intentry     00004
__Lmaintext                                    maintext     00000
__LnvBANK0                                     nvBANK0      00000
__LnvBANK1                                     nvBANK1      00000
__Lpowerup                                     powerup      00000
__Lram                                         ram          00000
__Lreset_vec                                   reset_vec    00000
__Lsfr0                                        sfr0         00000
__Lsfr1                                        sfr1         00000
__Lsfr10                                       sfr10        00000
__Lsfr11                                       sfr11        00000
__Lsfr12                                       sfr12        00000
__Lsfr13                                       sfr13        00000
__Lsfr14                                       sfr14        00000
__Lsfr15                                       sfr15        00000
__Lsfr16                                       sfr16        00000
__Lsfr17                                       sfr17        00000
__Lsfr18                                       sfr18        00000
__Lsfr19                                       sfr19        00000
__Lsfr2                                        sfr2         00000
__Lsfr20                                       sfr20        00000
__Lsfr21                                       sfr21        00000
__Lsfr22                                       sfr22        00000
__Lsfr23                                       sfr23        00000
__Lsfr24                                       sfr24        00000
__Lsfr25                                       sfr25        00000
__Lsfr26                                       sfr26        00000
__Lsfr27                                       sfr27        00000
__Lsfr28                                       sfr28        00000
__Lsfr29                                       sfr29        00000
__Lsfr3                                        sfr3         00000
__Lsfr30                                       sfr30        00000
__Lsfr31                                       sfr31        00000
__Lsfr4                                        sfr4         00000
__Lsfr5                                        sfr5         00000
__Lsfr6                                        sfr6         00000
__Lsfr7                                        sfr7         00000
__Lsfr8                                        sfr8         00000
__Lsfr9                                        sfr9         00000
__Lspace_0                                     (abs)        00000
__Lspace_1                                     (abs)        00000
__Lspace_2                                     (abs)        00000
__Lspace_3                                     (abs)        00000
__Lspace_4                                     (abs)        00000
__Lstack                                       stack        00000
__Lstrings                                     strings      00000
__Lstringtext1                                 stringtext1  00000
__Lstringtext2                                 stringtext2  00000
__Ltext                                        text         00000
__S0                                           (abs)        007C9
__S1                                           (abs)        000D6
__S3                                           (abs)        00000
___aodiv                                       text12       00165
___aodiv@counter                               cstackCOMMON 00071
___aodiv@dividend                              cstackBANK0  00028
___aodiv@divisor                               cstackBANK0  00020
___aodiv@quotient                              cstackCOMMON 00073
___aodiv@sign                                  cstackCOMMON 00072
___aomod                                       text11       00266
___aomod@counter                               cstackCOMMON 00071
___aomod@dividend                              cstackBANK0  00028
___aomod@divisor                               cstackBANK0  00020
___aomod@sign                                  cstackCOMMON 00072
___awdiv                                       text15       004E2
___awdiv@counter                               cstackCOMMON 00075
___awdiv@dividend                              cstackCOMMON 00072
___awdiv@divisor                               cstackCOMMON 00070
___awdiv@quotient                              cstackCOMMON 00077
___awdiv@sign                                  cstackCOMMON 00076
___awmod                                       text14       00541
___awmod@counter                               cstackCOMMON 00075
___awmod@dividend                              cstackCOMMON 00072
___awmod@divisor                               cstackCOMMON 00070
___awmod@sign                                  cstackCOMMON 00076
___heap_hi                                     (abs)        00000
___heap_lo                                     (abs)        00000
___int_sp                                      stack        00000
___latbits                                     (abs)        00002
___sp                                          stack        00000
___stackhi                                     (abs)        00000
___stacklo                                     (abs)        00000
__end_of_Clear_Port                            text18       00795
__end_of_Decode_Display_AC                     text16       004E2
__end_of_EUSART_Initialize                     text26       0069C
__end_of_EUSART_SetErrorHandler                text29       007BF
__end_of_EUSART_SetFramingErrorHandler         text28       007B9
__end_of_EUSART_SetOverrunErrorHandler         text27       007B3
__end_of_EUSART_Write                          text9        0076E
__end_of_INTERRUPT_InterruptManager            intentry     00020
__end_of_IOCBF4_DefaultInterruptHandler        text35       007C5
__end_of_IOCBF4_ISR                            text34       00756
__end_of_IOCBF4_SetInterruptHandler            text24       007AD
__end_of_OSCILLATOR_Initialize                 text25       00787
__end_of_PIN_MANAGER_IOC                       text33       00777
__end_of_PIN_MANAGER_Initialize                text23       005E0
__end_of_PMD_Initialize                        text22       0077F
__end_of_SYSTEM_Initialize                     text19       00747
__end_of_Set_Port                              text17       0078E
__end_of_Show_Digits_Display                   text13       0047F
__end_of_TMR0_DefaultInterruptHandler          text32       00723
__end_of_TMR0_ISR                              text31       00737
__end_of_TMR0_Initialize                       text20       0070B
__end_of_TMR0_SetInterruptHandler              text21       007A7
__end_of___aodiv                               text12       00266
__end_of___aomod                               text11       00350
__end_of___awdiv                               text15       00541
__end_of___awmod                               text14       00594
__end_of__initialization                       cinit        00031
__end_of_abs                                   text10       006F2
__end_of_dtoa                                  text4        00165
__end_of_fputc                                 text7        00621
__end_of_fputs                                 text6        0067A
__end_of_main                                  maintext     006BC
__end_of_pad                                   text5        00656
__end_of_printf                                text1        00764
__end_of_putch                                 text8        007A1
__end_of_vfpfcnvrt                             text3        003F1
__end_of_vfprintf                              text2        006D8
__initialization                               cinit        00022
__pbssBANK0                                    bssBANK0     00068
__pbssBANK1                                    bssBANK1     000A0
__pcstackBANK0                                 cstackBANK0  00020
__pcstackCOMMON                                cstackCOMMON 00070
__pintentry                                    intentry     00004
__pmaintext                                    maintext     0069C
__pnvBANK0                                     nvBANK0      0006E
__pnvBANK1                                     nvBANK1      000C4
__pstringtext1                                 stringtext1  007C5
__pstringtext2                                 stringtext2  00000
__ptext1                                       text1        00756
__ptext10                                      text10       006D8
__ptext11                                      text11       00266
__ptext12                                      text12       00165
__ptext13                                      text13       003F1
__ptext14                                      text14       00541
__ptext15                                      text15       004E2
__ptext16                                      text16       0047F
__ptext17                                      text17       00787
__ptext18                                      text18       0078E
__ptext19                                      text19       00737
__ptext2                                       text2        006BC
__ptext20                                      text20       006F2
__ptext21                                      text21       007A1
__ptext22                                      text22       00777
__ptext23                                      text23       00594
__ptext24                                      text24       007A7
__ptext25                                      text25       0077F
__ptext26                                      text26       0067A
__ptext27                                      text27       007AD
__ptext28                                      text28       007B3
__ptext29                                      text29       007B9
__ptext3                                       text3        00350
__ptext31                                      text31       00723
__ptext32                                      text32       0070B
__ptext33                                      text33       0076E
__ptext34                                      text34       00747
__ptext35                                      text35       007BF
__ptext4                                       text4        00035
__ptext5                                       text5        00621
__ptext6                                       text6        00656
__ptext7                                       text7        005E0
__ptext8                                       text8        0079B
__ptext9                                       text9        00764
_abs                                           text10       006D8
_dbuf                                          bssBANK1     000A4
_dtoa                                          text4        00035
_dtoa$1112                                     cstackBANK0  00039
_eusartRxLastError                             bssBANK0     0006D
_flags                                         bssBANK0     0006C
_fputc                                         text7        005E0
_fputs                                         text6        00656
_main                                          maintext     0069C
_mostrar                                       bssBANK0     0006A
_pad                                           text5        00621
_prec                                          bssBANK0     00068
_printf                                        text1        00756
_pulsos                                        bssBANK1     000A2
_putch                                         text8        0079B
_timer0ReloadVal16bit                          nvBANK0      0006E
_vfpfcnvrt                                     text3        00350
_vfprintf                                      text2        006BC
_width                                         bssBANK1     000A0
abs@a                                          cstackCOMMON 00073
btemp                                          (abs)        0007E
clear_ram0                                     clrtext      00795
dtoa@d                                         cstackBANK0  00030
dtoa@fp                                        cstackBANK0  0003F
dtoa@i                                         cstackBANK0  00048
dtoa@n                                         cstackBANK0  00040
dtoa@p                                         cstackBANK0  0003B
dtoa@s                                         cstackBANK0  0004A
dtoa@w                                         cstackBANK0  0003D
end_of_initialization                          cinit        00031
fputc@c                                        cstackCOMMON 00072
fputc@fp                                       cstackCOMMON 00074
fputs@c                                        cstackBANK0  00020
fputs@fp                                       cstackCOMMON 0007A
fputs@i                                        cstackBANK0  00021
fputs@s                                        cstackBANK0  00023
int$flags                                      (abs)        0007E
intlevel0                                      functab      00000
intlevel1                                      functab      00000
intlevel2                                      functab      00000
intlevel3                                      functab      00000
intlevel4                                      functab      00000
intlevel5                                      functab      00000
pad@buf                                        cstackBANK0  00024
pad@fp                                         cstackBANK0  0002B
pad@i                                          cstackBANK0  00027
pad@p                                          cstackBANK0  00025
pad@w                                          cstackBANK0  00029
printf@ap                                      cstackBANK0  00067
printf@fmt                                     cstackBANK0  00063
putch@txData                                   cstackCOMMON 00071
reset_vec                                      reset_vec    00000
start                                          init         00020
start_initialization                           cinit        00022
vfpfcnvrt@ap                                   cstackBANK0  0004C
vfpfcnvrt@convarg                              cstackBANK0  00051
vfpfcnvrt@cp                                   cstackBANK0  0005A
vfpfcnvrt@fmt                                  cstackBANK0  0004B
vfpfcnvrt@fp                                   cstackBANK0  00059
vfprintf@ap                                    cstackBANK0  0005E
vfprintf@cfmt                                  cstackBANK0  00061
vfprintf@fmt                                   cstackBANK0  0005C
vfprintf@fp                                    cstackBANK0  00060
wtemp0                                         (abs)        0007E


MODULE INFORMATION

Module		Function		Class		Link	Load	Size
C:\Program Files\Microchip\xc8\v2.40\pic\sources\c99\common\nf_fputc.c
		_fputc         		CODE           	05E0	0000	65

C:\Program Files\Microchip\xc8\v2.40\pic\sources\c99\common\nf_fputc.c estimated size: 65

C:\Program Files\Microchip\xc8\v2.40\pic\sources\c99\common\awdiv.c
		___awdiv       		CODE           	04E2	0000	95

C:\Program Files\Microchip\xc8\v2.40\pic\sources\c99\common\awdiv.c estimated size: 95

mcc_generated_files/interrupt_manager.c
		_INTERRUPT_InterruptManager		CODE           	0004	0000	28

mcc_generated_files/interrupt_manager.c estimated size: 28

C:\Program Files\Microchip\xc8\v2.40\pic\sources\c99\common\abs.c
		_abs           		CODE           	06D8	0000	26

C:\Program Files\Microchip\xc8\v2.40\pic\sources\c99\common\abs.c estimated size: 26

mcc_generated_files/tmr0.c
		_TMR0_SetInterruptHandler		CODE           	07A1	0000	6
		_TMR0_DefaultInterruptHandler		CODE           	070B	0000	24
		_TMR0_ISR      		CODE           	0723	0000	20
		_TMR0_Initialize		CODE           	06F2	0000	25

mcc_generated_files/tmr0.c estimated size: 75

C:\Program Files\Microchip\xc8\v2.40\pic\sources\c99\common\printf.c
		_printf        		CODE           	0756	0000	14

C:\Program Files\Microchip\xc8\v2.40\pic\sources\c99\common\printf.c estimated size: 14

mcc_generated_files/pin_manager.c
		_PIN_MANAGER_Initialize		CODE           	0594	0000	76
		_IOCBF4_DefaultInterruptHandler		CODE           	07BF	0000	6
		_IOCBF4_ISR    		CODE           	0747	0000	15
		_PIN_MANAGER_IOC		CODE           	076E	0000	9
		_IOCBF4_SetInterruptHandler		CODE           	07A7	0000	6

mcc_generated_files/pin_manager.c estimated size: 112

C:\Program Files\Microchip\xc8\v2.40\pic\sources\c99\common\nf_fputs.c
		_fputs         		CODE           	0656	0000	36

C:\Program Files\Microchip\xc8\v2.40\pic\sources\c99\common\nf_fputs.c estimated size: 36

C:\Program Files\Microchip\xc8\v2.40\pic\sources\c99\common\aomod.c
		___aomod       		CODE           	0266	0000	234

C:\Program Files\Microchip\xc8\v2.40\pic\sources\c99\common\aomod.c estimated size: 234

shared
		__initialization		CODE           	0022	0000	15

shared estimated size: 15

mcc_generated_files/mcc.c
		_PMD_Initialize		CODE           	0777	0000	8
		_OSCILLATOR_Initialize		CODE           	077F	0000	8
		_SYSTEM_Initialize		CODE           	0737	0000	16

mcc_generated_files/mcc.c estimated size: 32

C:\Program Files\Microchip\xc8\v2.40\pic\sources\c99\common\awmod.c
		___awmod       		CODE           	0541	0000	83

C:\Program Files\Microchip\xc8\v2.40\pic\sources\c99\common\awmod.c estimated size: 83

C:\Program Files\Microchip\xc8\v2.40\pic\sources\c99\common\doprnt.c
		_vfpfcnvrt     		CODE           	0350	0000	161
		_pad           		CODE           	0621	0000	53
		_dtoa          		CODE           	0035	0000	304
		_vfprintf      		CODE           	06BC	0000	28

C:\Program Files\Microchip\xc8\v2.40\pic\sources\c99\common\doprnt.c estimated size: 546

mcc_generated_files/eusart.c
		_putch         		CODE           	079B	0000	6
		_EUSART_Write  		CODE           	0764	0000	10
		_EUSART_Initialize		CODE           	067A	0000	34
		_EUSART_SetFramingErrorHandler		CODE           	07B3	0000	6
		_EUSART_SetErrorHandler		CODE           	07B9	0000	6
		_EUSART_SetOverrunErrorHandler		CODE           	07AD	0000	6

mcc_generated_files/eusart.c estimated size: 68

main.c
		_Clear_Port    		CODE           	078E	0000	7
		_main          		CODE           	069C	0000	32
		_Set_Port      		CODE           	0787	0000	7
		_Decode_Display_AC		CODE           	047F	0000	99
		_Show_Digits_Display		CODE           	03F1	0000	142

main.c estimated size: 287

C:\Program Files\Microchip\xc8\v2.40\pic\sources\c99\common\aodiv.c
		___aodiv       		CODE           	0165	0000	257

C:\Program Files\Microchip\xc8\v2.40\pic\sources\c99\common\aodiv.c estimated size: 257

